// Jest Snapshot v1, https://goo.gl/fbAQLP

exports[`should match snapshot 1`] = `
<form
  data-testid="form"
>
  <input
    data-testid="input"
    name="text"
    required=""
    value=""
  />
  <input
    data-testid="number"
    name="number"
    type="number"
    value=""
  />
  <select
    data-testid="select"
    name="select"
  >
    <option
      value="foo"
    >
      Foo
    </option>
    <option
      value="bar"
    >
      Bar
    </option>
  </select>
  <input
    data-testid="checkbox"
    name="checkbox"
    type="checkbox"
    value=""
  />
  <input
    data-testid="range"
    name="range"
    type="range"
    value=""
  />
  <input
    data-testid="custom"
    name="custom"
    type="text"
    value=""
  />
  <button
    data-testid="button"
    type="submit"
  />
</form>
`;
